Archive member included to satisfy reference by file (symbol)

c:/program files (x86)/atmel/studio/7.0/toolchain/avr8/avr8-gnu-toolchain/bin/../lib/gcc/avr/5.4.0/../../../../avr/lib/avr6\libm.a(cmpsf2.o)
                              FreeRTOS/src/variantHooks.o (__ltsf2)
c:/program files (x86)/atmel/studio/7.0/toolchain/avr8/avr8-gnu-toolchain/bin/../lib/gcc/avr/5.4.0/../../../../avr/lib/avr6\libm.a(fixunssfsi.o)
                              FreeRTOS/src/variantHooks.o (__fixunssfsi)
c:/program files (x86)/atmel/studio/7.0/toolchain/avr8/avr8-gnu-toolchain/bin/../lib/gcc/avr/5.4.0/../../../../avr/lib/avr6\libm.a(fp_cmp.o)
                              c:/program files (x86)/atmel/studio/7.0/toolchain/avr8/avr8-gnu-toolchain/bin/../lib/gcc/avr/5.4.0/../../../../avr/lib/avr6\libm.a(cmpsf2.o) (__fp_cmp)
c:/program files (x86)/atmel/studio/7.0/toolchain/avr8/avr8-gnu-toolchain/bin/../lib/gcc/avr/5.4.0/../../../../avr/lib/avr6\libm.a(fp_split3.o)
                              c:/program files (x86)/atmel/studio/7.0/toolchain/avr8/avr8-gnu-toolchain/bin/../lib/gcc/avr/5.4.0/../../../../avr/lib/avr6\libm.a(fixunssfsi.o) (__fp_splitA)
c:/program files (x86)/atmel/studio/7.0/toolchain/avr8/avr8-gnu-toolchain/bin/../lib/gcc/avr/5.4.0/../../../../avr/lib/avr6\libm.a(fp_zero.o)
                              c:/program files (x86)/atmel/studio/7.0/toolchain/avr8/avr8-gnu-toolchain/bin/../lib/gcc/avr/5.4.0/../../../../avr/lib/avr6\libm.a(fixunssfsi.o) (__fp_zero)
c:/program files (x86)/atmel/studio/7.0/toolchain/avr8/avr8-gnu-toolchain/bin/../lib/gcc/avr/5.4.0/../../../../avr/lib/avr6\libm.a(gesf2.o)
                              FreeRTOS/src/variantHooks.o (__gtsf2)
c:/program files (x86)/atmel/studio/7.0/toolchain/avr8/avr8-gnu-toolchain/bin/../lib/gcc/avr/5.4.0/../../../../avr/lib/avr6\libm.a(mulsf3.o)
                              FreeRTOS/src/variantHooks.o (__mulsf3)
c:/program files (x86)/atmel/studio/7.0/toolchain/avr8/avr8-gnu-toolchain/bin/../lib/gcc/avr/5.4.0/../../../../avr/lib/avr6\libm.a(mulsf3x.o)
                              c:/program files (x86)/atmel/studio/7.0/toolchain/avr8/avr8-gnu-toolchain/bin/../lib/gcc/avr/5.4.0/../../../../avr/lib/avr6\libm.a(mulsf3.o) (__mulsf3x)
c:/program files (x86)/atmel/studio/7.0/toolchain/avr8/avr8-gnu-toolchain/bin/../lib/gcc/avr/5.4.0/../../../../avr/lib/avr6\libm.a(fp_inf.o)
                              c:/program files (x86)/atmel/studio/7.0/toolchain/avr8/avr8-gnu-toolchain/bin/../lib/gcc/avr/5.4.0/../../../../avr/lib/avr6\libm.a(mulsf3x.o) (__fp_inf)
c:/program files (x86)/atmel/studio/7.0/toolchain/avr8/avr8-gnu-toolchain/bin/../lib/gcc/avr/5.4.0/../../../../avr/lib/avr6\libm.a(fp_nan.o)
                              c:/program files (x86)/atmel/studio/7.0/toolchain/avr8/avr8-gnu-toolchain/bin/../lib/gcc/avr/5.4.0/../../../../avr/lib/avr6\libm.a(mulsf3x.o) (__fp_nan)
c:/program files (x86)/atmel/studio/7.0/toolchain/avr8/avr8-gnu-toolchain/bin/../lib/gcc/avr/5.4.0/../../../../avr/lib/avr6\libm.a(fp_pscA.o)
                              c:/program files (x86)/atmel/studio/7.0/toolchain/avr8/avr8-gnu-toolchain/bin/../lib/gcc/avr/5.4.0/../../../../avr/lib/avr6\libm.a(mulsf3x.o) (__fp_pscA)
c:/program files (x86)/atmel/studio/7.0/toolchain/avr8/avr8-gnu-toolchain/bin/../lib/gcc/avr/5.4.0/../../../../avr/lib/avr6\libm.a(fp_pscB.o)
                              c:/program files (x86)/atmel/studio/7.0/toolchain/avr8/avr8-gnu-toolchain/bin/../lib/gcc/avr/5.4.0/../../../../avr/lib/avr6\libm.a(mulsf3x.o) (__fp_pscB)
c:/program files (x86)/atmel/studio/7.0/toolchain/avr8/avr8-gnu-toolchain/bin/../lib/gcc/avr/5.4.0/../../../../avr/lib/avr6\libm.a(fp_round.o)
                              c:/program files (x86)/atmel/studio/7.0/toolchain/avr8/avr8-gnu-toolchain/bin/../lib/gcc/avr/5.4.0/../../../../avr/lib/avr6\libm.a(mulsf3.o) (__fp_round)
../../../../../../../../src/Stdio_lib\libserialLib.a(stdio_driver.o)
                              main.o (stdioCreate)
../../../../../../../../src/Stdio_lib\libserialLib.a(serial.o)
                              ../../../../../../../../src/Stdio_lib\libserialLib.a(stdio_driver.o) (serial_new_instance)
../../../../../../../../src/Stdio_lib\libserialLib.a(fifo.o)
                              ../../../../../../../../src/Stdio_lib\libserialLib.a(serial.o) (fifo_init)
C:\src\Iot driver Library\libIotLibrary.a(hal.o)
                              main.o (hal_create)
C:\src\Iot driver Library\libIotLibrary.a(hih8120.o)
                              main.o (hih8120Create)
C:\src\Iot driver Library\libIotLibrary.a(led.o)
                              C:\src\Iot driver Library\libIotLibrary.a(hal.o) (led_create)
C:\src\Iot driver Library\libIotLibrary.a(lora_driver.o)
                              main.o (lora_driver_flush_buffers)
C:\src\Iot driver Library\libIotLibrary.a(lora_driver_utils.o)
                              C:\src\Iot driver Library\libIotLibrary.a(lora_driver.o) (decode_port_no)
[...]
Memory Configuration

Name             Origin             Length             Attributes
text             0x00000000         0x00100000         xr
data             0x00800200         0x0000fe00         rw !x
eeprom           0x00810000         0x00010000         rw !x
fuse             0x00820000         0x00000003         rw !x
lock             0x00830000         0x00000400         rw !x
signature        0x00840000         0x00000400         rw !x
user_signatures  0x00850000         0x00000400         rw !x
*default*        0x00000000         0xffffffff

Linker script and memory map

Address of section .data set to 0x800200
LOAD C:/Program Files (x86)/Atmel/Studio/7.0/Packs/atmel/ATmega_DFP/1.2.209/gcc/dev/atmega2560/avr6/crtatmega2560.o
LOAD FreeRTOS/FreeRTOSTraceDriver/FreeRTOSTraceDriver.o
LOAD FreeRTOS/src/croutine.o
LOAD FreeRTOS/src/event_groups.o
LOAD FreeRTOS/src/heap_3.o
LOAD FreeRTOS/src/list.o
LOAD FreeRTOS/src/port.o
LOAD FreeRTOS/src/queue.o
LOAD FreeRTOS/src/stream_buffer.o
LOAD FreeRTOS/src/tasks.o
LOAD FreeRTOS/src/timers.o
LOAD FreeRTOS/src/variantHooks.o
LOAD main.o
START GROUP
LOAD c:/program files (x86)/atmel/studio/7.0/toolchain/avr8/avr8-gnu-toolchain/bin/../lib/gcc/avr/5.4.0/../../../../avr/lib/avr6\libm.a
LOAD ../../../../../../../../src/Stdio_lib\libserialLib.a
LOAD C:\src\Iot driver Library\libIotLibrary.a
END GROUP
LOAD c:/program files (x86)/atmel/studio/7.0/toolchain/avr8/avr8-gnu-toolchain/bin/../lib/gcc/avr/5.4.0/../../../../avr/lib/avr6\libprintf_flt.a
START GROUP
LOAD c:/program files (x86)/atmel/studio/7.0/toolchain/avr8/avr8-gnu-toolchain/bin/../lib/gcc/avr/5.4.0/avr6\libgcc.a
LOAD c:/program files (x86)/atmel/studio/7.0/toolchain/avr8/avr8-gnu-toolchain/bin/../lib/gcc/avr/5.4.0/../../../../avr/lib/avr6\libm.a
LOAD c:/program files (x86)/atmel/studio/7.0/toolchain/avr8/avr8-gnu-toolchain/bin/../lib/gcc/avr/5.4.0/../../../../avr/lib/avr6\libc.a
LOAD C:/Program Files (x86)/Atmel/Studio/7.0/Packs/atmel/ATmega_DFP/1.2.209/gcc/dev/atmega2560/avr6\libatmega2560.a
END GROUP
                0x00100000                __TEXT_REGION_LENGTH__ = DEFINED (__TEXT_REGION_LENGTH__)?__TEXT_REGION_LENGTH__:0x100000
                0x0000fe00                __DATA_REGION_LENGTH__ = DEFINED (__DATA_REGION_LENGTH__)?__DATA_REGION_LENGTH__:0xfe00
                0x00010000                __EEPROM_REGION_LENGTH__ = DEFINED (__EEPROM_REGION_LENGTH__)?__EEPROM_REGION_LENGTH__:0x10000
                [0x00000003]                __FUSE_REGION_LENGTH__ = DEFINED (__FUSE_REGION_LENGTH__)?__FUSE_REGION_LENGTH__:0x400
                0x00000400                __LOCK_REGION_LENGTH__ = DEFINED (__LOCK_REGION_LENGTH__)?__LOCK_REGION_LENGTH__:0x400
                0x00000400                __SIGNATURE_REGION_LENGTH__ = DEFINED (__SIGNATURE_REGION_LENGTH__)?__SIGNATURE_REGION_LENGTH__:0x400
                0x00000400                __USER_SIGNATURE_REGION_LENGTH__ = DEFINED (__USER_SIGNATURE_REGION_LENGTH__)?__USER_SIGNATURE_REGION_LENGTH__:0x400

.hash
 *(.hash)

.dynsym
 *(.dynsym)

.dynstr
 *(.dynstr)

.gnu.version
 *(.gnu.version)

.gnu.version_d
 *(.gnu.version_d)

.gnu.version_r
 *(.gnu.version_r)

.rel.init
 *(.rel.init)

.rela.init
 *(.rela.init)

.rel.text
 *(.rel.text)
 *(.rel.text.*)
 *(.rel.gnu.linkonce.t*)

.rela.text
 *(.rela.text)
 *(.rela.text.*)
 *(.rela.gnu.linkonce.t*)

.rel.fini
 *(.rel.fini)

.rela.fini
 *(.rela.fini)

.rel.rodata
 *(.rel.rodata)
 *(.rel.rodata.*)
 *(.rel.gnu.linkonce.r*)

.rela.rodata
 *(.rela.rodata)
 *(.rela.rodata.*)
 *(.rela.gnu.linkonce.r*)

.rel.data
 *(.rel.data)
 *(.rel.data.*)
 *(.rel.gnu.linkonce.d*)

.rela.data
 *(.rela.data)
 *(.rela.data.*)
 *(.rela.gnu.linkonce.d*)

.rel.ctors
 *(.rel.ctors)

.rela.ctors
 *(.rela.ctors)

.rel.dtors
 *(.rel.dtors)

.rela.dtors
 *(.rela.dtors)

.rel.got
 *(.rel.got)

.rela.got
 *(.rela.got)

.rel.bss
 *(.rel.bss)

.rela.bss
 *(.rela.bss)

.rel.plt
 *(.rel.plt)

.rela.plt
 *(.rela.plt)

.text           0x00000000     0x76fa
 *(.vectors)
 .vectors       0x00000000       0xe4 C:/Program Files (x86)/Atmel/Studio/7.0/Packs/atmel/ATmega_DFP/1.2.209/gcc/dev/atmega2560/avr6/crtatmega2560.o
                0x00000000                __vector_default
                0x00000000                __vectors
 *(.vectors)
 *(.progmem.gcc*)
 .progmem.gcc_sw_table.prvProcessReceivedCommands
                0x000000e4       0x14 FreeRTOS/src/timers.o
 .progmem.gcc_sw_table.__vector_39
                0x000000f8       0xa2 C:\src\Iot driver Library\libIotLibrary.a(twi.o)
                0x0000019a                . = ALIGN (0x2)
                0x0000019a                __trampolines_start = .
 *(.trampolines)
 .trampolines   0x0000019a        0x0 linker stubs
 *(.trampolines*)
                0x0000019a                __trampolines_end = .
 *libprintf_flt.a:*(.progmem.data)
 .progmem.data  0x0000019a        0x8 c:/program files (x86)/atmel/studio/7.0/toolchain/avr8/avr8-gnu-toolchain/bin/../lib/gcc/avr/5.4.0/../../../../avr/lib/avr6\libprintf_flt.a(vfprintf_flt.o)
 *libc.a:*(.progmem.data)
 .progmem.data  0x000001a2       0xfa c:/program files (x86)/atmel/studio/7.0/toolchain/avr8/avr8-gnu-toolchain/bin/../lib/gcc/avr/5.4.0/../../../../avr/lib/avr6\libc.a(ftoa_engine.o)
 *(.progmem*)
                0x0000029c                . = ALIGN (0x2)
 *(.jumptables)
 *(.jumptables*)
 *(.lowtext)
 .lowtext       0x0000029c       0x24 FreeRTOS/src/tasks.o
 .lowtext       0x000002c0       0x30 FreeRTOS/src/timers.o
 *(.lowtext*)
                0x000002f0                __ctors_start = .
 *(.ctors)
                0x000002f0                __ctors_end = .
                0x000002f0                __dtors_start = .
 *(.dtors)
                0x000002f0                __dtors_end = .
 SORT(*)(.ctors)
 SORT(*)(.dtors)
 *(.init0)
 .init0         0x000002f0        0x0 C:/Program Files (x86)/Atmel/Studio/7.0/Packs/atmel/ATmega_DFP/1.2.209/gcc/dev/atmega2560/avr6/crtatmega2560.o
                0x000002f0                __init
 *(.init0)
 *(.init1)
 *(.init1)
 *(.init2)
 .init2         0x000002f0       0x10 C:/Program Files (x86)/Atmel/Studio/7.0/Packs/atmel/ATmega_DFP/1.2.209/gcc/dev/atmega2560/avr6/crtatmega2560.o
 *(.init2)
 *(.init3)
 *(.init3)
 *(.init4)
 .init4         0x00000300       0x1a c:/program files (x86)/atmel/studio/7.0/toolchain/avr8/avr8-gnu-toolchain/bin/../lib/gcc/avr/5.4.0/avr6\libgcc.a(_copy_data.o)
                0x00000300                __do_copy_data
 .init4         0x0000031a       0x10 c:/program files (x86)/atmel/studio/7.0/toolchain/avr8/avr8-gnu-toolchain/bin/../lib/gcc/avr/5.4.0/avr6\libgcc.a(_clear_bss.o)
                0x0000031a                __do_clear_bss
 *(.init4)
 *(.init5)
 *(.init5)
 *(.init6)
 *(.init6)
 *(.init7)
 *(.init7)
 *(.init8)
 *(.init8)
 *(.init9)
 .init9         0x0000032a        0x8 C:/Program Files (x86)/Atmel/Studio/7.0/Packs/atmel/ATmega_DFP/1.2.209/gcc/dev/atmega2560/avr6/crtatmega2560.o
 *(.init9)
 *(.text)
 .text          0x00000332        0x2 C:/Program Files (x86)/Atmel/Studio/7.0/Packs/atmel/ATmega_DFP/1.2.209/gcc/dev/atmega2560/avr6/crtatmega2560.o
                0x00000332                __vector_38
                0x00000332                __vector_22
                0x00000332                __vector_28
                0x00000332                __vector_1
                0x00000332                __vector_32
                0x00000332                __vector_34
                0x00000332                __vector_24
                0x00000332                __vector_46
                0x00000332                __bad_interrupt
                0x00000332                __vector_6
                0x00000332                __vector_31
                0x00000332                __vector_35
                0x00000332                __vector_3
                0x00000332                __vector_23
                0x00000332                __vector_30
                0x00000332                __vector_45
                0x00000332                __vector_11
                0x00000332                __vector_13
                0x00000332                __vector_17
                0x00000332                __vector_19
                0x00000332                __vector_56
                0x00000332                __vector_7
                0x00000332                __vector_49
                0x00000332                __vector_41
                0x00000332                __vector_43
                0x00000332                __vector_27
                0x00000332                __vector_5
                0x00000332                __vector_33
                0x00000332                __vector_47
                0x00000332                __vector_4
                0x00000332                __vector_44
                0x00000332                __vector_9
                0x00000332                __vector_2
                0x00000332                __vector_21
                0x00000332                __vector_15
                0x00000332                __vector_29
                0x00000332                __vector_40
                0x00000332                __vector_8
                0x00000332                __vector_48
                0x00000332                __vector_14
                0x00000332                __vector_53
                0x00000332                __vector_10
                0x00000332                __vector_50
                0x00000332                __vector_16
                0x00000332                __vector_18
                0x00000332                __vector_20
                0x00000332                __vector_42
                0x00000334                . = ALIGN (0x2)
 *(.text.*)
 .text.task_switch_in
                0x00000334       0x40 FreeRTOS/FreeRTOSTraceDriver/FreeRTOSTraceDriver.o
                0x00000334                task_switch_in
 .text.task_switch_out
                0x00000374       0x28 FreeRTOS/FreeRTOSTraceDriver/FreeRTOSTraceDriver.o
                0x00000374                task_switch_out
 .text.pvPortMalloc
                0x0000039c       0x42 FreeRTOS/src/heap_3.o
                0x0000039c                pvPortMalloc
 .text.vPortFree
                0x000003de       0x34 FreeRTOS/src/heap_3.o
                0x000003de                vPortFree
 .text.vListInitialise
                0x00000412       0x6e FreeRTOS/src/list.o
                0x00000412                vListInitialise
 .text.vListInitialiseItem
                0x00000480       0x26 FreeRTOS/src/list.o
                0x00000480                vListInitialiseItem
 .text.vListInsertEnd
                0x000004a6       0x9c FreeRTOS/src/list.o
                0x000004a6                vListInsertEnd
 .text.vListInsert
                0x00000542       0xf0 FreeRTOS/src/list.o
                0x00000542                vListInsert
 .text.uxListRemove
                0x00000632       0xae FreeRTOS/src/list.o
                0x00000632                uxListRemove
 .text.pxPortInitialiseStack
                0x000006e0      0x388 FreeRTOS/src/port.o
                0x000006e0                pxPortInitialiseStack
 .text.xPortStartScheduler
                0x00000a68       0x70 FreeRTOS/src/port.o
                0x00000a68                xPortStartScheduler
 .text.vPortYield
                0x00000ad8       0xc4 FreeRTOS/src/port.o
                0x00000ad8                vPortYield
 .text.vPortYieldFromTick
                0x00000b9c       0xd4 FreeRTOS/src/port.o
                0x00000b9c                vPortYieldFromTick
 .text.prvSetupTimerInterrupt
                0x00000c70       0x3e FreeRTOS/src/port.o
 .text.__vector_12
                0x00000cae        0x6 FreeRTOS/src/port.o
                0x00000cae                __vector_12
 .text.xQueueGenericReset
                0x00000cb4      0x120 FreeRTOS/src/queue.o
                0x00000cb4                xQueueGenericReset
 .text.xQueueGenericCreate
                0x00000dd4       0x9c FreeRTOS/src/queue.o
                0x00000dd4                xQueueGenericCreate
 .text.prvInitialiseNewQueue
                0x00000e70       0x88 FreeRTOS/src/queue.o
 .text.prvInitialiseMutex
                0x00000ef8       0x50 FreeRTOS/src/queue.o
 .text.xQueueCreateMutex
                0x00000f48       0x3c FreeRTOS/src/queue.o
                0x00000f48                xQueueCreateMutex
 .text.xQueueGenericSend
                0x00000f84      0x152 FreeRTOS/src/queue.o
                0x00000f84                xQueueGenericSend
 .text.xQueueGenericSendFromISR
                0x000010d6       0xbc FreeRTOS/src/queue.o
                0x000010d6                xQueueGenericSendFromISR
 .text.xQueueReceive
                0x00001192      0x152 FreeRTOS/src/queue.o
                0x00001192                xQueueReceive
 .text.xQueueSemaphoreTake
                0x000012e4      0x1b4 FreeRTOS/src/queue.o
                0x000012e4                xQueueSemaphoreTake
 .text.prvGetDisinheritPriorityAfterTimeout
                0x00001498       0x44 FreeRTOS/src/queue.o
 .text.prvCopyDataToQueue
                0x000014dc      0x1a0 FreeRTOS/src/queue.o
 .text.prvCopyDataFromQueue
                0x0000167c       0xa2 FreeRTOS/src/queue.o
 .text.prvUnlockQueue
                0x0000171e       0xbc FreeRTOS/src/queue.o
 .text.prvIsQueueEmpty
                0x000017da       0x3a FreeRTOS/src/queue.o
 .text.prvIsQueueFull
                0x00001814       0x42 FreeRTOS/src/queue.o
 .text.vQueueWaitForMessageRestricted
                0x00001856       0x90 FreeRTOS/src/queue.o
                0x00001856                vQueueWaitForMessageRestricted
 .text.xStreamBufferGenericCreate
                0x000018e6       0x90 FreeRTOS/src/stream_buffer.o
                0x000018e6                xStreamBufferGenericCreate
 .text.xStreamBufferReset
                0x00001976       0xb2 FreeRTOS/src/stream_buffer.o
                0x00001976                xStreamBufferReset
 .text.xStreamBufferSpacesAvailable
                0x00001a28       0x9c FreeRTOS/src/stream_buffer.o
                0x00001a28                xStreamBufferSpacesAvailable
 .text.xStreamBufferSendFromISR
                0x00001ac4       0xf8 FreeRTOS/src/stream_buffer.o
                0x00001ac4                xStreamBufferSendFromISR
 .text.prvWriteMessageToBuffer
                0x00001bbc       0xd8 FreeRTOS/src/stream_buffer.o
 .text.xStreamBufferReceive
                0x00001c94      0x16c FreeRTOS/src/stream_buffer.o
                0x00001c94                xStreamBufferReceive
 .text.prvReadMessageFromBuffer
                0x00001e00       0xcc FreeRTOS/src/stream_buffer.o
 .text.prvWriteBytesToBuffer
                0x00001ecc      0x11e FreeRTOS/src/stream_buffer.o
 .text.prvReadBytesFromBuffer
                0x00001fea      0x14e FreeRTOS/src/stream_buffer.o
 .text.prvBytesInBuffer
                0x00002138       0x86 FreeRTOS/src/stream_buffer.o
 .text.prvInitialiseNewStreamBuffer
                0x000021be       0x82 FreeRTOS/src/stream_buffer.o
 .text.xTaskCreate
                0x00002240       0xdc FreeRTOS/src/tasks.o
                0x00002240                xTaskCreate
 .text.prvInitialiseNewTask
                0x0000231c      0x1be FreeRTOS/src/tasks.o
 .text.prvAddNewTaskToReadyList
                0x000024da      0x108 FreeRTOS/src/tasks.o
 .text.vTaskDelay
                0x000025e2       0x40 FreeRTOS/src/tasks.o
                0x000025e2                vTaskDelay
 .text.vTaskStartScheduler
                0x00002622       0x86 FreeRTOS/src/tasks.o
                0x00002622                vTaskStartScheduler
 .text.vTaskSuspendAll
                0x000026a8       0x1a FreeRTOS/src/tasks.o
                0x000026a8                vTaskSuspendAll
 .text.xTaskResumeAll
                0x000026c2      0x12a FreeRTOS/src/tasks.o
                0x000026c2                xTaskResumeAll
 .text.xTaskGetTickCount
                0x000027ec       0x30 FreeRTOS/src/tasks.o
                0x000027ec                xTaskGetTickCount
 .text.xTaskIncrementTick
                0x0000281c      0x1d8 FreeRTOS/src/tasks.o
                0x0000281c                xTaskIncrementTick
 .text.vTaskSetApplicationTaskTag
                0x000029f4       0x5e FreeRTOS/src/tasks.o
                0x000029f4                vTaskSetApplicationTaskTag
 .text.vTaskSwitchContext
                0x00002a52      0x148 FreeRTOS/src/tasks.o
                0x00002a52                vTaskSwitchContext
 .text.vTaskPlaceOnEventList
                0x00002b9a       0x44 FreeRTOS/src/tasks.o
                0x00002b9a                vTaskPlaceOnEventList
 .text.vTaskPlaceOnEventListRestricted
                0x00002bde       0x58 FreeRTOS/src/tasks.o
                0x00002bde                vTaskPlaceOnEventListRestricted
 .text.xTaskRemoveFromEventList
                0x00002c36       0xda FreeRTOS/src/tasks.o
                0x00002c36                xTaskRemoveFromEventList
 .text.vTaskInternalSetTimeOutState
                0x00002d10       0x3a FreeRTOS/src/tasks.o
                0x00002d10                vTaskInternalSetTimeOutState
 .text.xTaskCheckForTimeOut
                0x00002d4a       0xe4 FreeRTOS/src/tasks.o
                0x00002d4a                xTaskCheckForTimeOut
 .text.vTaskMissedYield
                0x00002e2e       0x16 FreeRTOS/src/tasks.o
                0x00002e2e                vTaskMissedYield
 .text.prvInitialiseTaskLists
                0x00002e44       0x84 FreeRTOS/src/tasks.o
 .text.prvCheckTasksWaitingTermination
                0x00002ec8       0x62 FreeRTOS/src/tasks.o
 .text.prvDeleteTCB
                0x00002f2a       0x32 FreeRTOS/src/tasks.o
 .text.prvResetNextTaskUnblockTime
                0x00002f5c       0x60 FreeRTOS/src/tasks.o
 .text.xTaskGetCurrentTaskHandle
                0x00002fbc       0x26 FreeRTOS/src/tasks.o
                0x00002fbc                xTaskGetCurrentTaskHandle
 .text.xTaskGetSchedulerState
                0x00002fe2       0x32 FreeRTOS/src/tasks.o
                0x00002fe2                xTaskGetSchedulerState
 .text.xTaskPriorityInherit
                0x00003014      0x158 FreeRTOS/src/tasks.o
                0x00003014                xTaskPriorityInherit
 .text.xTaskPriorityDisinherit
                0x0000316c       0xfa FreeRTOS/src/tasks.o
                0x0000316c                xTaskPriorityDisinherit
 .text.vTaskPriorityDisinheritAfterTimeout
                0x00003266      0x140 FreeRTOS/src/tasks.o
                0x00003266                vTaskPriorityDisinheritAfterTimeout
 .text.pvTaskIncrementMutexHeldCount
                0x000033a6       0x34 FreeRTOS/src/tasks.o
                0x000033a6                pvTaskIncrementMutexHeldCount
 .text.xTaskNotifyWait
                0x000033da      0x14a FreeRTOS/src/tasks.o
                0x000033da                xTaskNotifyWait
 .text.xTaskGenericNotify
                0x00003524      0x1c2 FreeRTOS/src/tasks.o
                0x00003524                xTaskGenericNotify
 .text.xTaskGenericNotifyFromISR
                0x000036e6      0x1f6 FreeRTOS/src/tasks.o
                0x000036e6                xTaskGenericNotifyFromISR
 .text.xTaskNotifyStateClear
                0x000038dc       0x64 FreeRTOS/src/tasks.o
                0x000038dc                xTaskNotifyStateClear
 .text.prvAddCurrentTaskToDelayedList
                0x00003940       0xf4 FreeRTOS/src/tasks.o
 .text.xTimerCreateTimerTask
                0x00003a34       0x54 FreeRTOS/src/timers.o
                0x00003a34                xTimerCreateTimerTask
 .text.xTimerGenericCommand
                0x00003a88       0xc2 FreeRTOS/src/timers.o
                0x00003a88                xTimerGenericCommand
 .text.prvProcessExpiredTimer
                0x00003b4a       0xd2 FreeRTOS/src/timers.o
 .text.prvProcessTimerOrBlockTask
                0x00003c1c       0xaa FreeRTOS/src/timers.o
 .text.prvGetNextExpireTime
                0x00003cc6       0x6a FreeRTOS/src/timers.o
 .text.prvSampleTimeNow
                0x00003d30       0x5e FreeRTOS/src/timers.o
 .text.prvInsertTimerInActiveList
                0x00003d8e       0xda FreeRTOS/src/timers.o
 .text.prvProcessReceivedCommands
                0x00003e68      0x1ec FreeRTOS/src/timers.o
 .text.prvSwitchTimerLists
                0x00004054      0x13c FreeRTOS/src/timers.o
 .text.prvCheckForValidListAndQueue
                0x00004190       0x60 FreeRTOS/src/timers.o
 .text.vApplicationIdleHook
                0x000041f0       0x10 FreeRTOS/src/variantHooks.o
                0x000041f0                vApplicationIdleHook
 .text.vApplicationMallocFailedHook
                0x00004200      0x124 FreeRTOS/src/variantHooks.o
                0x00004200                vApplicationMallocFailedHook
 .text.vApplicationStackOverflowHook
                0x00004324      0x12c FreeRTOS/src/variantHooks.o
                0x00004324                vApplicationStackOverflowHook
 .text._lora_setup
                0x00004450      0x212 main.o
 .text.create_tasks_and_semaphores
                0x00004662      0x10e main.o
                0x00004662                create_tasks_and_semaphores
 .text.temp_hum_co2_task
                0x00004770      0x12a main.o
                0x00004770                temp_hum_co2_task
 .text.lora_handler_task
                0x0000489a      0x1c4 main.o
                0x0000489a                lora_handler_task
 .text.my_co2_call_back
                0x00004a5e       0x70 main.o
                0x00004a5e                my_co2_call_back
 .text.getCo2   0x00004ace       0x22 main.o
                0x00004ace                getCo2
 .text.main     0x00004af0       0x2c main.o
                0x00004af0                main
 .text.initHIH8210
                0x00004b1c       0x3c main.o
                0x00004b1c                initHIH8210
 .text.initLora
                0x00004b58       0x18 main.o
                0x00004b58                initLora
 .text.avr-libc.fplib
                0x00004b70        0x8 c:/program files (x86)/atmel/studio/7.0/toolchain/avr8/avr8-gnu-toolchain/bin/../lib/gcc/avr/5.4.0/../../../../avr/lib/avr6\libm.a(cmpsf2.o)
                0x00004b70                __nesf2
                0x00004b70                __eqsf2
                0x00004b70                __cmpsf2
                0x00004b70                __ltsf2
                0x00004b70                __lesf2
 .text.avr-libc.fplib
                0x00004b78       0x58 c:/program files (x86)/atmel/studio/7.0/toolchain/avr8/avr8-gnu-toolchain/bin/../lib/gcc/avr/5.4.0/../../../../avr/lib/avr6\libm.a(fixunssfsi.o)
                0x00004b78                __fixunssfsi
 .text.avr-libc.fplib
                0x00004bd0       0x48 c:/program files (x86)/atmel/studio/7.0/toolchain/avr8/avr8-gnu-toolchain/bin/../lib/gcc/avr/5.4.0/../../../../avr/lib/avr6\libm.a(fp_cmp.o)
                0x00004bd0                __fp_cmp
 .text.avr-libc.fplib
                0x00004c18       0x44 c:/program files (x86)/atmel/studio/7.0/toolchain/avr8/avr8-gnu-toolchain/bin/../lib/gcc/avr/5.4.0/../../../../avr/lib/avr6\libm.a(fp_split3.o)
                0x00004c18                __fp_split3
                0x00004c28                __fp_splitA
 .text.avr-libc.fplib
                0x00004c5c        0xe c:/program files (x86)/atmel/studio/7.0/toolchain/avr8/avr8-gnu-toolchain/bin/../lib/gcc/avr/5.4.0/../../../../avr/lib/avr6\libm.a(fp_zero.o)
                0x00004c5c                __fp_zero
                0x00004c5e                __fp_szero
 .text.avr-libc.fplib
                0x00004c6a        0x8 c:/program files (x86)/atmel/studio/7.0/toolchain/avr8/avr8-gnu-toolchain/bin/../lib/gcc/avr/5.4.0/../../../../avr/lib/avr6\libm.a(gesf2.o)
                0x00004c6a                __gesf2
                0x00004c6a                __gtsf2
 .text.avr-libc.fplib
                0x00004c72        0x4 c:/program files (x86)/atmel/studio/7.0/toolchain/avr8/avr8-gnu-toolchain/bin/../lib/gcc/avr/5.4.0/../../../../avr/lib/avr6\libm.a(mulsf3.o)
                0x00004c72                __mulsf3
 .text.avr-libc.fplib
                0x00004c76       0xc2 c:/program files (x86)/atmel/studio/7.0/toolchain/avr8/avr8-gnu-toolchain/bin/../lib/gcc/avr/5.4.0/../../../../avr/lib/avr6\libm.a(mulsf3x.o)
                0x00004c8a                __mulsf3x
                0x00004c8e                __mulsf3_pse
 .text.avr-libc.fplib
                0x00004d38        0xc c:/program files (x86)/atmel/studio/7.0/toolchain/avr8/avr8-gnu-toolchain/bin/../lib/gcc/avr/5.4.0/../../../../avr/lib/avr6\libm.a(fp_inf.o)
                0x00004d38                __fp_inf
 .text.avr-libc.fplib
                0x00004d44        0x6 c:/program files (x86)/atmel/studio/7.0/toolchain/avr8/avr8-gnu-toolchain/bin/../lib/gcc/avr/5.4.0/../../../../avr/lib/avr6\libm.a(fp_nan.o)
                0x00004d44                __fp_nan
 .text.avr-libc.fplib
                0x00004d4a        0xe c:/program files (x86)/atmel/studio/7.0/toolchain/avr8/avr8-gnu-toolchain/bin/../lib/gcc/avr/5.4.0/../../../../avr/lib/avr6\libm.a(fp_pscA.o)
                0x00004d4a                __fp_pscA
 .text.avr-libc.fplib
                0x00004d58        0xe c:/program files (x86)/atmel/studio/7.0/toolchain/avr8/avr8-gnu-toolchain/bin/../lib/gcc/avr/5.4.0/../../../../avr/lib/avr6\libm.a(fp_pscB.o)
                0x00004d58                __fp_pscB
 .text.avr-libc.fplib
                0x00004d66       0x22 c:/program files (x86)/atmel/studio/7.0/toolchain/avr8/avr8-gnu-toolchain/bin/../lib/gcc/avr/5.4.0/../../../../avr/lib/avr6\libm.a(fp_round.o)
                0x00004d66                __fp_round
 .text.usart_getchar
                0x00004d88       0x2a ../../../../../../../../src/Stdio_lib\libserialLib.a(stdio_driver.o)
 .text.usart_putchar
                0x00004db2       0x12 ../../../../../../../../src/Stdio_lib\libserialLib.a(stdio_driver.o)
 .text.stdioCreate
                0x00004dc4       0x52 ../../../../../../../../src/Stdio_lib\libserialLib.a(stdio_driver.o)
                0x00004dc4                stdioCreate
 .text.serial_new_instance
                0x00004e16      0x13c ../../../../../../../../src/Stdio_lib\libserialLib.a(serial.o)
                0x00004e16                serial_new_instance
 .text.serial_send_byte
                0x00004f52       0x4a ../../../../../../../../src/Stdio_lib\libserialLib.a(serial.o)
                0x00004f52                serial_send_byte
 .text.serial_send_bytes
                0x00004f9c       0xa0 ../../../../../../../../src/Stdio_lib\libserialLib.a(serial.o)
                0x00004f9c                serial_send_bytes
 .text.serial_get_byte
                0x0000503c       0x38 ../../../../../../../../src/Stdio_lib\libserialLib.a(serial.o)
                0x0000503c                serial_get_byte
 .text.__vector_25
                0x00005074       0xa4 ../../../../../../../../src/Stdio_lib\libserialLib.a(serial.o)
                0x00005074                __vector_25
 .text.__vector_26
                0x00005118       0x88 ../../../../../../../../src/Stdio_lib\libserialLib.a(serial.o)
                0x00005118                __vector_26
 .text.__vector_36
                0x000051a0       0xa4 ../../../../../../../../src/Stdio_lib\libserialLib.a(serial.o)
                0x000051a0                __vector_36
 .text.__vector_37
                0x00005244       0x88 ../../../../../../../../src/Stdio_lib\libserialLib.a(serial.o)
                0x00005244                __vector_37
 .text.__vector_51
                0x000052cc       0xa4 ../../../../../../../../src/Stdio_lib\libserialLib.a(serial.o)
                0x000052cc                __vector_51
 .text.__vector_52
                0x00005370       0x88 ../../../../../../../../src/Stdio_lib\libserialLib.a(serial.o)
                0x00005370                __vector_52
 .text.__vector_54
                0x000053f8       0xa4 ../../../../../../../../src/Stdio_lib\libserialLib.a(serial.o)
                0x000053f8                __vector_54
 .text.__vector_55
                0x0000549c       0x88 ../../../../../../../../src/Stdio_lib\libserialLib.a(serial.o)
                0x0000549c                __vector_55
 .text.fifo_init
                0x00005524       0x3e ../../../../../../../../src/Stdio_lib\libserialLib.a(fifo.o)
                0x00005524                fifo_init
 .text.hal_create
                0x00005562       0x64 C:\src\Iot driver Library\libIotLibrary.a(hal.o)
                0x00005562                hal_create
 .text._hihTwiCallback
                0x000055c6       0x5a C:\src\Iot driver Library\libIotLibrary.a(hih8120.o)
 .text.hih8120Create
                0x00005620       0x2e C:\src\Iot driver Library\libIotLibrary.a(hih8120.o)
                0x00005620                hih8120Create
 .text.hih8120Wakeup
                0x0000564e       0x28 C:\src\Iot driver Library\libIotLibrary.a(hih8120.o)
                0x0000564e                hih8120Wakeup
 .text.hih8120Meassure
                0x00005676       0x20 C:\src\Iot driver Library\libIotLibrary.a(hih8120.o)
                0x00005676                hih8120Meassure
 .text.hih8120GetHumidity
                0x00005696       0x28 C:\src\Iot driver Library\libIotLibrary.a(hih8120.o)
                0x00005696                hih8120GetHumidity
 .text.hih8120GetHumidityPercent_x10
                0x000056be       0x12 C:\src\Iot driver Library\libIotLibrary.a(hih8120.o)
                0x000056be                hih8120GetHumidityPercent_x10
 .text.hih8120GetTemperature
                0x000056d0       0x32 C:\src\Iot driver Library\libIotLibrary.a(hih8120.o)
                0x000056d0                hih8120GetTemperature
 .text.hih8120GetTemperature_x10
                0x00005702       0x14 C:\src\Iot driver Library\libIotLibrary.a(hih8120.o)
                0x00005702                hih8120GetTemperature_x10
 .text._turn_off
                0x00005716       0x5c C:\src\Iot driver Library\libIotLibrary.a(led.o)
 .text._turn_on
                0x00005772       0x5c C:\src\Iot driver Library\libIotLibrary.a(led.o)
 .text._hal_led_task
                0x000057ce       0x88 C:\src\Iot driver Library\libIotLibrary.a(led.o)
 .text.led_create
                0x00005856      0x10a C:\src\Iot driver Library\libIotLibrary.a(led.o)
                0x00005856                led_create
 .text._serial_call_back
                0x00005960       0x8c C:\src\Iot driver Library\libIotLibrary.a(lora_driver.o)
 .text._upload_message
                0x000059ec       0xb0 C:\src\Iot driver Library\libIotLibrary.a(lora_driver.o)
 .text._reply2return_code
                0x00005a9c       0x76 C:\src\Iot driver Library\libIotLibrary.a(lora_driver.o)
 .text._upload_message_rc
                0x00005b12        0x6 C:\src\Iot driver Library\libIotLibrary.a(lora_driver.o)
 .text.lora_driver_flush_buffers
                0x00005b18        0xe C:\src\Iot driver Library\libIotLibrary.a(lora_driver.o)
                0x00005b18                lora_driver_flush_buffers
 .text.lora_driver_create
                0x00005b26       0x78 C:\src\Iot driver Library\libIotLibrary.a(lora_driver.o)
                0x00005b26                lora_driver_create
 .text.lora_driver_reset_rn2483
                0x00005b9e       0x28 C:\src\Iot driver Library\libIotLibrary.a(lora_driver.o)
                0x00005b9e                lora_driver_reset_rn2483
 .text.lora_driver_rn2483_factory_reset
                0x00005bc6       0x24 C:\src\Iot driver Library\libIotLibrary.a(lora_driver.o)
                0x00005bc6                lora_driver_rn2483_factory_reset
 .text.lora_driver_get_rn2483_hweui
                0x00005bea       0x38 C:\src\Iot driver Library\libIotLibrary.a(lora_driver.o)
                0x00005bea                lora_driver_get_rn2483_hweui
 .text.lora_driver_set_device_identifier
                0x00005c22       0x22 C:\src\Iot driver Library\libIotLibrary.a(lora_driver.o)
                0x00005c22                lora_driver_set_device_identifier
 .text.lora_driver_set_application_identifier
                0x00005c44       0x22 C:\src\Iot driver Library\libIotLibrary.a(lora_driver.o)
                0x00005c44                lora_driver_set_application_identifier
 .text.lora_driver_set_application_key
                0x00005c66       0x22 C:\src\Iot driver Library\libIotLibrary.a(lora_driver.o)
                0x00005c66                lora_driver_set_application_key
 .text.lora_driver_save_mac
                0x00005c88        0xc C:\src\Iot driver Library\libIotLibrary.a(lora_driver.o)
                0x00005c88                lora_driver_save_mac
 .text.lora_driver_join
                0x00005c94       0x46 C:\src\Iot driver Library\libIotLibrary.a(lora_driver.o)
                0x00005c94                lora_driver_join
 .text.lora_driver_sent_upload_message
                0x00005cda      0x130 C:\src\Iot driver Library\libIotLibrary.a(lora_driver.o)
                0x00005cda                lora_driver_sent_upload_message
 .text.lora_driver_set_adaptive_data_rate
                0x00005e0a       0x16 C:\src\Iot driver Library\libIotLibrary.a(lora_driver.o)
                0x00005e0a                lora_driver_set_adaptive_data_rate
 .text.lora_driver_configure_to_eu868
                0x00005e20      0x1bc C:\src\Iot driver Library\libIotLibrary.a(lora_driver.o)
                0x00005e20                lora_driver_configure_to_eu868
 .text.lora_driver_set_otaa_identity
                0x00005fdc       0x42 C:\src\Iot driver Library\libIotLibrary.a(lora_driver.o)
                0x00005fdc                lora_driver_set_otaa_identity
 .text.lora_driver_map_return_code_to_text
                0x0000601e       0x18 C:\src\Iot driver Library\libIotLibrary.a(lora_driver.o)
                0x0000601e                lora_driver_map_return_code_to_text
 .text.decode_port_no
                0x00006036       0x58 C:\src\Iot driver Library\libIotLibrary.a(lora_driver_utils.o)
                0x00006036                decode_port_no
 .text.decode_hexadecimal_string_bytes
                0x0000608e       0x92 C:\src\Iot driver Library\libIotLibrary.a(lora_driver_utils.o)
                0x0000608e                decode_hexadecimal_string_bytes
 .text.reg_read_register
                0x00006120        0x6 C:\src\Iot driver Library\libIotLibrary.a(mega_register_access.o)
                0x00006120                reg_read_register
 .text.reg_read_bit
                0x00006126       0x16 C:\src\Iot driver Library\libIotLibrary.a(mega_register_access.o)
                0x00006126                reg_read_bit
 .text.reg_read_bits
                0x0000613c        0x8 C:\src\Iot driver Library\libIotLibrary.a(mega_register_access.o)
                0x0000613c                reg_read_bits
 .text.reg_set_register
                0x00006144        0x6 C:\src\Iot driver Library\libIotLibrary.a(mega_register_access.o)
                0x00006144                reg_set_register
 .text.reg_clear_register
                0x0000614a        0x6 C:\src\Iot driver Library\libIotLibrary.a(mega_register_access.o)
                0x0000614a                reg_clear_register
 .text.reg_set_bit
                0x00006150       0x18 C:\src\Iot driver Library\libIotLibrary.a(mega_register_access.o)
                0x00006150                reg_set_bit
 .text.reg_set_bits
                0x00006168        0xa C:\src\Iot driver Library\libIotLibrary.a(mega_register_access.o)
                0x00006168                reg_set_bits
 .text.reg_toggle_bit
                0x00006172       0x18 C:\src\Iot driver Library\libIotLibrary.a(mega_register_access.o)
                0x00006172                reg_toggle_bit
 .text.reg_toggle_bits
                0x0000618a        0xa C:\src\Iot driver Library\libIotLibrary.a(mega_register_access.o)
                0x0000618a                reg_toggle_bits
 .text.reg_clear_bit
                0x00006194       0x1a C:\src\Iot driver Library\libIotLibrary.a(mega_register_access.o)
                0x00006194                reg_clear_bit
 .text.reg_clear_bits
                0x000061ae        0xc C:\src\Iot driver Library\libIotLibrary.a(mega_register_access.o)
                0x000061ae                reg_clear_bits
 .text._serial_call_back
                0x000061ba       0xb6 C:\src\Iot driver Library\libIotLibrary.a(mh_z19.o)
 .text.mh_z19_create
                0x00006270       0x5e C:\src\Iot driver Library\libIotLibrary.a(mh_z19.o)
                0x00006270                mh_z19_create
 .text.mh_z19_take_meassuring
                0x000062ce       0x60 C:\src\Iot driver Library\libIotLibrary.a(mh_z19.o)
                0x000062ce                mh_z19_take_meassuring
 .text._initTwiInterface
                0x0000632e       0x22 C:\src\Iot driver Library\libIotLibrary.a(twi.o)
 .text.twiCreate
                0x00006350       0x9a C:\src\Iot driver Library\libIotLibrary.a(twi.o)
                0x00006350                twiCreate
 .text.twiIsBusy
                0x000063ea        0x8 C:\src\Iot driver Library\libIotLibrary.a(twi.o)
                0x000063ea                twiIsBusy
 .text.twiTransmit
                0x000063f2       0x98 C:\src\Iot driver Library\libIotLibrary.a(twi.o)
                0x000063f2                twiTransmit
 .text.twiReceive
                0x0000648a       0x66 C:\src\Iot driver Library\libIotLibrary.a(twi.o)
                0x0000648a                twiReceive
 .text.__vector_39
                0x000064f0      0x17a C:\src\Iot driver Library\libIotLibrary.a(twi.o)
                0x000064f0                __vector_39
 .text.avr-libc.fplib
                0x0000666a        0xc c:/program files (x86)/atmel/studio/7.0/toolchain/avr8/avr8-gnu-toolchain/bin/../lib/gcc/avr/5.4.0/../../../../avr/lib/avr6\libm.a(addsf3.o)
                0x0000666a                __subsf3
                0x0000666c                __addsf3
 .text.avr-libc.fplib
                0x00006676       0xcc c:/program files (x86)/atmel/studio/7.0/toolchain/avr8/avr8-gnu-toolchain/bin/../lib/gcc/avr/5.4.0/../../../../avr/lib/avr6\libm.a(addsf3x.o)
                0x00006698                __addsf3x
 .text.avr-libc.fplib
                0x00006742        0x6 c:/program files (x86)/atmel/studio/7.0/toolchain/avr8/avr8-gnu-toolchain/bin/../lib/gcc/avr/5.4.0/../../../../avr/lib/avr6\libm.a(divsf3.o)
                0x00006742                __divsf3
 .text.avr-libc.fplib
                0x00006748       0xdc c:/program files (x86)/atmel/studio/7.0/toolchain/avr8/avr8-gnu-toolchain/bin/../lib/gcc/avr/5.4.0/../../../../avr/lib/avr6\libm.a(divsf3x.o)
                0x00006768                __divsf3x
                0x0000676e                __divsf3_pse
 .text.avr-libc.fplib
                0x00006824        0xe c:/program files (x86)/atmel/studio/7.0/toolchain/avr8/avr8-gnu-toolchain/bin/../lib/gcc/avr/5.4.0/../../../../avr/lib/avr6\libm.a(fixsfsi.o)
                0x00006824                __fixsfsi
 .text.avr-libc.fplib
                0x00006832       0x7a c:/program files (x86)/atmel/studio/7.0/toolchain/avr8/avr8-gnu-toolchain/bin/../lib/gcc/avr/5.4.0/../../../../avr/lib/avr6\libm.a(floatsisf.o)
                0x00006832                __floatunsisf
                0x00006836                __floatsisf
 .text.avr-libc
                0x000068ac      0x712 c:/program files (x86)/atmel/studio/7.0/toolchain/avr8/avr8-gnu-toolchain/bin/../lib/gcc/avr/5.4.0/../../../../avr/lib/avr6\libprintf_flt.a(vfprintf_flt.o)
                0x000068ac                vfprintf
 .text.libgcc.div
                0x00006fbe       0x44 c:/program files (x86)/atmel/studio/7.0/toolchain/avr8/avr8-gnu-toolchain/bin/../lib/gcc/avr/5.4.0/avr6\libgcc.a(_udivmodsi4.o)
                0x00006fbe                __udivmodsi4
 .text.libgcc   0x00007002       0x10 c:/program files (x86)/atmel/studio/7.0/toolchain/avr8/avr8-gnu-toolchain/bin/../lib/gcc/avr/5.4.0/avr6\libgcc.a(_tablejump2.o)
                0x00007002                __tablejump2__
 .text.avr-libc
                0x00007012       0x34 c:/program files (x86)/atmel/studio/7.0/toolchain/avr8/avr8-gnu-toolchain/bin/../lib/gcc/avr/5.4.0/../../../../avr/lib/avr6\libc.a(calloc.o)
                0x00007012                calloc
 .text.avr-libc
                0x00007046      0x242 c:/program files (x86)/atmel/studio/7.0/toolchain/avr8/avr8-gnu-toolchain/bin/../lib/gcc/avr/5.4.0/../../../../avr/lib/avr6\libc.a(malloc.o)
                0x00007046                malloc
                0x00007176                free
 .text.avr-libc
                0x00007288        0x8 c:/program files (x86)/atmel/studio/7.0/toolchain/avr8/avr8-gnu-toolchain/bin/../lib/gcc/avr/5.4.0/../../../../avr/lib/avr6\libc.a(abort.o)
                0x00007288                abort
 .text.avr-libc
                0x00007290      0x1b0 c:/program files (x86)/atmel/studio/7.0/toolchain/avr8/avr8-gnu-toolchain/bin/../lib/gcc/avr/5.4.0/../../../../avr/lib/avr6\libc.a(ftoa_engine.o)
                0x00007290                __ftoa_engine
 .text.avr-libc
                0x00007440       0x16 c:/program files (x86)/atmel/studio/7.0/toolchain/avr8/avr8-gnu-toolchain/bin/../lib/gcc/avr/5.4.0/../../../../avr/lib/avr6\libc.a(strnlen_P.o)
                0x00007440                strnlen_P
 .text.avr-libc
                0x00007456       0x12 c:/program files (x86)/atmel/studio/7.0/toolchain/avr8/avr8-gnu-toolchain/bin/../lib/gcc/avr/5.4.0/../../../../avr/lib/avr6\libc.a(memcpy.o)
                0x00007456                memcpy
 .text.avr-libc
                0x00007468        0xe c:/program files (x86)/atmel/studio/7.0/toolchain/avr8/avr8-gnu-toolchain/bin/../lib/gcc/avr/5.4.0/../../../../avr/lib/avr6\libc.a(memset.o)
                0x00007468                memset
 .text.avr-libc
                0x00007476       0x16 c:/program files (x86)/atmel/studio/7.0/toolchain/avr8/avr8-gnu-toolchain/bin/../lib/gcc/avr/5.4.0/../../../../avr/lib/avr6\libc.a(strcat.o)
                0x00007476                strcat
 .text.avr-libc
                0x0000748c        0xe c:/program files (x86)/atmel/studio/7.0/toolchain/avr8/avr8-gnu-toolchain/bin/../lib/gcc/avr/5.4.0/../../../../avr/lib/avr6\libc.a(strcpy.o)
                0x0000748c                strcpy
 .text.avr-libc
                0x0000749a       0x30 c:/program files (x86)/atmel/studio/7.0/toolchain/avr8/avr8-gnu-toolchain/bin/../lib/gcc/avr/5.4.0/../../../../avr/lib/avr6\libc.a(strncasecmp.o)
                0x0000749a                strncasecmp
 .text.avr-libc
                0x000074ca       0x16 c:/program files (x86)/atmel/studio/7.0/toolchain/avr8/avr8-gnu-toolchain/bin/../lib/gcc/avr/5.4.0/../../../../avr/lib/avr6\libc.a(strnlen.o)
                0x000074ca                strnlen
 .text.avr-libc
                0x000074e0       0x78 c:/program files (x86)/atmel/studio/7.0/toolchain/avr8/avr8-gnu-toolchain/bin/../lib/gcc/avr/5.4.0/../../../../avr/lib/avr6\libc.a(fputc.o)
                0x000074e0                fputc
 .text.avr-libc
                0x00007558       0x26 c:/program files (x86)/atmel/studio/7.0/toolchain/avr8/avr8-gnu-toolchain/bin/../lib/gcc/avr/5.4.0/../../../../avr/lib/avr6\libc.a(printf.o)
                0x00007558                printf
 .text.avr-libc
                0x0000757e       0x60 c:/program files (x86)/atmel/studio/7.0/toolchain/avr8/avr8-gnu-toolchain/bin/../lib/gcc/avr/5.4.0/../../../../avr/lib/avr6\libc.a(puts.o)
                0x0000757e                puts
 .text.avr-libc
                0x000075de       0x5c c:/program files (x86)/atmel/studio/7.0/toolchain/avr8/avr8-gnu-toolchain/bin/../lib/gcc/avr/5.4.0/../../../../avr/lib/avr6\libc.a(sprintf.o)
                0x000075de                sprintf
 .text.avr-libc
                0x0000763a       0xbc c:/program files (x86)/atmel/studio/7.0/toolchain/avr8/avr8-gnu-toolchain/bin/../lib/gcc/avr/5.4.0/../../../../avr/lib/avr6\libc.a(ultoa_invert.o)
                0x0000763a                __ultoa_invert
                0x000076f6                . = ALIGN (0x2)
 *(.fini9)
 .fini9         0x000076f6        0x0 c:/program files (x86)/atmel/studio/7.0/toolchain/avr8/avr8-gnu-toolchain/bin/../lib/gcc/avr/5.4.0/avr6\libgcc.a(_exit.o)
                0x000076f6                _exit
                0x000076f6                exit
 *(.fini9)
 *(.fini8)
 *(.fini8)
 *(.fini7)
 *(.fini7)
 *(.fini6)
 *(.fini6)
 *(.fini5)
 *(.fini5)
 *(.fini4)
 *(.fini4)
 *(.fini3)
 *(.fini3)
 *(.fini2)
 *(.fini2)
 *(.fini1)
 *(.fini1)
 *(.fini0)
 .fini0         0x000076f6        0x4 c:/program files (x86)/atmel/studio/7.0/toolchain/avr8/avr8-gnu-toolchain/bin/../lib/gcc/avr/5.4.0/avr6\libgcc.a(_exit.o)
 *(.fini0)
                0x000076fa                _etext = .

.data           0x00800200      0x54a load address 0x000076fa
                0x00800200                PROVIDE (__data_start, .)
 *(.data)
 .data          0x00800200        0x6 c:/program files (x86)/atmel/studio/7.0/toolchain/avr8/avr8-gnu-toolchain/bin/../lib/gcc/avr/5.4.0/../../../../avr/lib/avr6\libc.a(malloc.o)
                0x00800200                __malloc_heap_end
                0x00800202                __malloc_heap_start
                0x00800204                __malloc_margin
 *(.data*)
 .data.mystdout.1881
                0x00800206        0xe ../../../../../../../../src/Stdio_lib\libserialLib.a(stdio_driver.o)
 .data._com_port_2_udr
                0x00800214        0x8 ../../../../../../../../src/Stdio_lib\libserialLib.a(serial.o)
                0x00800214                _com_port_2_udr
 .data._temp    0x0080021c        0x2 C:\src\Iot driver Library\libIotLibrary.a(hih8120.o)
 .data._hum     0x0080021e        0x2 C:\src\Iot driver Library\libIotLibrary.a(hih8120.o)
 .data._twiCurrentState
                0x00800220        0x1 C:\src\Iot driver Library\libIotLibrary.a(twi.o)
 *(.gnu.linkonce.d*)
 *(.rodata)
 .rodata        0x00800221        0x5 FreeRTOS/src/tasks.o
 .rodata        0x00800226        0x8 FreeRTOS/src/timers.o
 .rodata        0x0080022e      0x1fa main.o
 .rodata        0x00800428       0x20 C:\src\Iot driver Library\libIotLibrary.a(lora_driver.o)
 .rodata        0x00800448       0x2d C:\src\Iot driver Library\libIotLibrary.a(mh_z19.o)
 *(.rodata*)
 .rodata.str1.1
                0x00800475       0x1f C:\src\Iot driver Library\libIotLibrary.a(led.o)
 .rodata.str1.1
                0x00800494      0x27f C:\src\Iot driver Library\libIotLibrary.a(lora_driver.o)
                                0x28f (size before relaxing)
 .rodata._join_mode
                0x00800713        0x4 C:\src\Iot driver Library\libIotLibrary.a(lora_driver.o)
 .rodata._return_code
                0x00800717       0x33 C:\src\Iot driver Library\libIotLibrary.a(lora_driver.o)
                0x00800717                _return_code
 *(.gnu.linkonce.r*)
                0x0080074a                . = ALIGN (0x2)
                0x0080074a                _edata = .
                0x0080074a                PROVIDE (__data_end, .)

.bss            0x0080074a      0x286
                0x0080074a                PROVIDE (__bss_start, .)
 *(.bss)
 *(.bss*)
 .bss.pxCurrentTCB
                0x0080074a        0x2 FreeRTOS/src/tasks.o
                0x0080074a                pxCurrentTCB
 .bss.pxReadyTasksLists
                0x0080074c       0x24 FreeRTOS/src/tasks.o
 .bss.xDelayedTaskList1
                0x00800770        0x9 FreeRTOS/src/tasks.o
 .bss.xDelayedTaskList2
                0x00800779        0x9 FreeRTOS/src/tasks.o
 .bss.pxDelayedTaskList
                0x00800782        0x2 FreeRTOS/src/tasks.o
 .bss.pxOverflowDelayedTaskList
                0x00800784        0x2 FreeRTOS/src/tasks.o
 .bss.xPendingReadyList
                0x00800786        0x9 FreeRTOS/src/tasks.o
 .bss.xTasksWaitingTermination
                0x0080078f        0x9 FreeRTOS/src/tasks.o
 .bss.uxDeletedTasksWaitingCleanUp
                0x00800798        0x1 FreeRTOS/src/tasks.o
 .bss.xSuspendedTaskList
                0x00800799        0x9 FreeRTOS/src/tasks.o
 .bss.uxCurrentNumberOfTasks
                0x008007a2        0x1 FreeRTOS/src/tasks.o
 .bss.xTickCount
                0x008007a3        0x2 FreeRTOS/src/tasks.o
 .bss.uxTopReadyPriority
                0x008007a5        0x1 FreeRTOS/src/tasks.o
 .bss.xSchedulerRunning
                0x008007a6        0x1 FreeRTOS/src/tasks.o
 .bss.uxPendedTicks
                0x008007a7        0x1 FreeRTOS/src/tasks.o
 .bss.xYieldPending
                0x008007a8        0x1 FreeRTOS/src/tasks.o
 .bss.xNumOfOverflows
                0x008007a9        0x1 FreeRTOS/src/tasks.o
 .bss.uxTaskNumber
                0x008007aa        0x1 FreeRTOS/src/tasks.o
 .bss.xNextTaskUnblockTime
                0x008007ab        0x2 FreeRTOS/src/tasks.o
 .bss.xIdleTaskHandle
                0x008007ad        0x2 FreeRTOS/src/tasks.o
 .bss.uxSchedulerSuspended
                0x008007af        0x1 FreeRTOS/src/tasks.o
 .bss.xActiveTimerList1
                0x008007b0        0x9 FreeRTOS/src/timers.o
 .bss.xActiveTimerList2
                0x008007b9        0x9 FreeRTOS/src/timers.o
 .bss.pxCurrentTimerList
                0x008007c2        0x2 FreeRTOS/src/timers.o
 .bss.pxOverflowTimerList
                0x008007c4        0x2 FreeRTOS/src/timers.o
 .bss.xTimerQueue
                0x008007c6        0x2 FreeRTOS/src/timers.o
 .bss.xTimerTaskHandle
                0x008007c8        0x2 FreeRTOS/src/timers.o
 .bss.xLastTime.2432
                0x008007ca        0x2 FreeRTOS/src/timers.o
 .bss._uplink_payload
                0x008007cc       0x16 main.o
 .bss._out_buf  0x008007e2       0x64 main.o
 .bss.global_co2
                0x00800846        0x2 main.o
 .bss._com_serial_instance
                0x00800848        0x2 ../../../../../../../../src/Stdio_lib\libserialLib.a(stdio_driver.o)
 .bss._ser_handle
                0x0080084a        0x8 ../../../../../../../../src/Stdio_lib\libserialLib.a(serial.o)
 .bss._measuringIsReady
                0x00800852        0x1 C:\src\Iot driver Library\libIotLibrary.a(hih8120.o)
 .bss._hih8120Handler
                0x00800853        0x2 C:\src\Iot driver Library\libIotLibrary.a(hih8120.o)
 .bss._led_status
                0x00800855       0x18 C:\src\Iot driver Library\libIotLibrary.a(led.o)
 .bss._tmp_buf.2919
                0x0080086d       0x64 C:\src\Iot driver Library\libIotLibrary.a(lora_driver.o)
 .bss.rec_buf_inp.2926
                0x008008d1        0x1 C:\src\Iot driver Library\libIotLibrary.a(lora_driver.o)
 .bss._reply_buffer_handle
                0x008008d2        0x2 C:\src\Iot driver Library\libIotLibrary.a(lora_driver.o)
 .bss._rn2483_serial
                0x008008d4        0x2 C:\src\Iot driver Library\libIotLibrary.a(lora_driver.o)
 .bss._downlink_payload
                0x008008d6       0x16 C:\src\Iot driver Library\libIotLibrary.a(lora_driver.o)
 .bss._pay_load_hex_bytes
                0x008008ec       0x15 C:\src\Iot driver Library\libIotLibrary.a(lora_driver.o)
 .bss._rec_message_buf
                0x00800901       0x2d C:\src\Iot driver Library\libIotLibrary.a(lora_driver.o)
 .bss._send_message
                0x0080092e       0x2d C:\src\Iot driver Library\libIotLibrary.a(lora_driver.o)
 .bss._reply_mess
                0x0080095b       0x2d C:\src\Iot driver Library\libIotLibrary.a(lora_driver.o)
 .bss.data.1940
                0x00800988        0x2 C:\src\Iot driver Library\libIotLibrary.a(mh_z19.o)
 .bss.inDex.1939
                0x0080098a        0x1 C:\src\Iot driver Library\libIotLibrary.a(mh_z19.o)
 .bss.crc_sum.1941
                0x0080098b        0x1 C:\src\Iot driver Library\libIotLibrary.a(mh_z19.o)
 .bss._app_call_back
                0x0080098c        0x2 C:\src\Iot driver Library\libIotLibrary.a(mh_z19.o)
 .bss._mh_state
                0x0080098e        0x1 C:\src\Iot driver Library\libIotLibrary.a(mh_z19.o)
                0x0080098e                _mh_state
 .bss._ppm      0x0080098f        0x2 C:\src\Iot driver Library\libIotLibrary.a(mh_z19.o)
 .bss._serial   0x00800991        0x2 C:\src\Iot driver Library\libIotLibrary.a(mh_z19.o)
 .bss._index.1885
                0x00800993        0x1 C:\src\Iot driver Library\libIotLibrary.a(twi.o)
 .bss._twiCurrentHandler
                0x00800994        0x2 C:\src\Iot driver Library\libIotLibrary.a(twi.o)
 .bss._twiMessageLen
                0x00800996        0x1 C:\src\Iot driver Library\libIotLibrary.a(twi.o)
 .bss._twiMessageBuffer
                0x00800997        0xa C:\src\Iot driver Library\libIotLibrary.a(twi.o)
 .bss._twiIsInitiated
                0x008009a1        0x1 C:\src\Iot driver Library\libIotLibrary.a(twi.o)
 *(COMMON)
 COMMON         0x008009a2        0xe main.o
                0x008009a2                xPrintfSemaphore
                0x008009a4                temp_q
                0x008009a6                co2_q
                0x008009a8                lora_task_handle
                0x008009aa                temp_hum_co2_task_handle
                0x008009ac                xCo2Semaphore
                0x008009ae                hum_q
 COMMON         0x008009b0       0x16 C:\src\Iot driver Library\libIotLibrary.a(hal.o)
                0x008009b0                register_access
 COMMON         0x008009c6        0x4 c:/program files (x86)/atmel/studio/7.0/toolchain/avr8/avr8-gnu-toolchain/bin/../lib/gcc/avr/5.4.0/../../../../avr/lib/avr6\libc.a(malloc.o)
                0x008009c6                __brkval
                0x008009c8                __flp
 COMMON         0x008009ca        0x6 c:/program files (x86)/atmel/studio/7.0/toolchain/avr8/avr8-gnu-toolchain/bin/../lib/gcc/avr/5.4.0/../../../../avr/lib/avr6\libc.a(iob.o)
                0x008009ca                __iob
                0x008009d0                PROVIDE (__bss_end, .)
                0x000076fa                __data_load_start = LOADADDR (.data)
                0x00007c44                __data_load_end = (__data_load_start + SIZEOF (.data))

.noinit         0x008009d0        0x0
                [!provide]                PROVIDE (__noinit_start, .)
 *(.noinit*)
                [!provide]                PROVIDE (__noinit_end, .)
                0x008009d0                _end = .
                0x008009d0                PROVIDE (__heap_start, .)

.eeprom         0x00810000        0x0
 *(.eeprom*)
                0x00810000                __eeprom_end = .

.fuse
 *(.fuse)
 *(.lfuse)
 *(.hfuse)
 *(.efuse)

.lock
 *(.lock*)

.signature
 *(.signature*)

.user_signatures
 *(.user_signatures*)

.stab
 *(.stab)

.stabstr
 *(.stabstr)

.stab.excl
 *(.stab.excl)

.stab.exclstr
 *(.stab.exclstr)

.stab.index
 *(.stab.index)

.stab.indexstr
 *(.stab.indexstr)

.comment        0x00000000       0x5c
 *(.comment)
 .comment       0x00000000       0x30 FreeRTOS/FreeRTOSTraceDriver/FreeRTOSTraceDriver.o
                                 0x31 (size before relaxing)
 .comment       0x00000030       0x31 FreeRTOS/src/heap_3.o
 .comment       0x00000030       0x31 FreeRTOS/src/list.o
 .comment       0x00000030       0x31 FreeRTOS/src/port.o
 .comment       0x00000030       0x31 FreeRTOS/src/queue.o
 .comment       0x00000030       0x31 FreeRTOS/src/stream_buffer.o
 .comment       0x00000030       0x31 FreeRTOS/src/tasks.o
 .comment       0x00000030       0x31 FreeRTOS/src/timers.o
 .comment       0x00000030       0x31 FreeRTOS/src/variantHooks.o
 .comment       0x00000030       0x31 main.o
 .comment       0x00000030       0x31 ../../../../../../../../src/Stdio_lib\libserialLib.a(stdio_driver.o)
 .comment       0x00000030       0x31 ../../../../../../../../src/Stdio_lib\libserialLib.a(serial.o)
 .comment       0x00000030       0x31 ../../../../../../../../src/Stdio_lib\libserialLib.a(fifo.o)
 .comment       0x00000030       0x31 C:\src\Iot driver Library\libIotLibrary.a(hal.o)
 .comment       0x00000030       0x31 C:\src\Iot driver Library\libIotLibrary.a(hih8120.o)
 .comment       0x00000030       0x31 C:\src\Iot driver Library\libIotLibrary.a(led.o)
 .comment       0x00000030       0x31 C:\src\Iot driver Library\libIotLibrary.a(lora_driver.o)
 .comment       0x00000030       0x31 C:\src\Iot driver Library\libIotLibrary.a(lora_driver_utils.o)
 .comment       0x00000030       0x31 C:\src\Iot driver Library\libIotLibrary.a(mega_register_access.o)
 .comment       0x00000030       0x31 C:\src\Iot driver Library\libIotLibrary.a(mh_z19.o)
 .comment       0x00000030       0x31 C:\src\Iot driver Library\libIotLibrary.a(twi.o)
 .comment       0x00000030       0x2c c:/program files (x86)/atmel/studio/7.0/toolchain/avr8/avr8-gnu-toolchain/bin/../lib/gcc/avr/5.4.0/../../../../avr/lib/avr6\libprintf_flt.a(vfprintf_flt.o)
                                 0x2d (size before relaxing)
 .comment       0x0000005c       0x31 c:/program files (x86)/atmel/studio/7.0/toolchain/avr8/avr8-gnu-toolchain/bin/../lib/gcc/avr/5.4.0/../../../../avr/lib/avr6\libc.a(calloc.o)
 .comment       0x0000005c       0x31 c:/program files (x86)/atmel/studio/7.0/toolchain/avr8/avr8-gnu-toolchain/bin/../lib/gcc/avr/5.4.0/../../../../avr/lib/avr6\libc.a(malloc.o)
 .comment       0x0000005c       0x31 c:/program files (x86)/atmel/studio/7.0/toolchain/avr8/avr8-gnu-toolchain/bin/../lib/gcc/avr/5.4.0/../../../../avr/lib/avr6\libc.a(fputc.o)
 .comment       0x0000005c       0x31 c:/program files (x86)/atmel/studio/7.0/toolchain/avr8/avr8-gnu-toolchain/bin/../lib/gcc/avr/5.4.0/../../../../avr/lib/avr6\libc.a(iob.o)
 .comment       0x0000005c       0x31 c:/program files (x86)/atmel/studio/7.0/toolchain/avr8/avr8-gnu-toolchain/bin/../lib/gcc/avr/5.4.0/../../../../avr/lib/avr6\libc.a(printf.o)
 .comment       0x0000005c       0x31 c:/program files (x86)/atmel/studio/7.0/toolchain/avr8/avr8-gnu-toolchain/bin/../lib/gcc/avr/5.4.0/../../../../avr/lib/avr6\libc.a(puts.o)
 .comment       0x0000005c       0x31 c:/program files (x86)/atmel/studio/7.0/toolchain/avr8/avr8-gnu-toolchain/bin/../lib/gcc/avr/5.4.0/../../../../avr/lib/avr6\libc.a(sprintf.o)

.note.gnu.avr.deviceinfo
                0x00000000       0x40
 .note.gnu.avr.deviceinfo
                0x00000000       0x40 C:/Program Files (x86)/Atmel/Studio/7.0/Packs/atmel/ATmega_DFP/1.2.209/gcc/dev/atmega2560/avr6/crtatmega2560.o

.note.gnu.build-id
 *(.note.gnu.build-id)

.debug
 *(.debug)

.line
 *(.line)

.debug_srcinfo
 *(.debug_srcinfo)

.debug_sfnames
 *(.debug_sfnames)

.debug_aranges  0x00000000      0xa80
 *(.debug_aranges)
 .debug_aranges
                0x00000000       0x30 FreeRTOS/FreeRTOSTraceDriver/FreeRTOSTraceDriver.o
 .debug_aranges
                0x00000030       0x28 FreeRTOS/src/heap_3.o
 .debug_aranges
                0x00000058       0x40 FreeRTOS/src/list.o
 .debug_aranges
                0x00000098       0x50 FreeRTOS/src/port.o
 .debug_aranges
                0x000000e8      0x118 FreeRTOS/src/queue.o
 .debug_aranges
                0x00000200       0xd8 FreeRTOS/src/stream_buffer.o
 .debug_aranges
                0x000002d8      0x210 FreeRTOS/src/tasks.o
 .debug_aranges
                0x000004e8       0xd0 FreeRTOS/src/timers.o
 .debug_aranges
                0x000005b8       0x30 FreeRTOS/src/variantHooks.o
 .debug_aranges
                0x000005e8       0x60 main.o
 .debug_aranges
                0x00000648       0x38 ../../../../../../../../src/Stdio_lib\libserialLib.a(stdio_driver.o)
 .debug_aranges
                0x00000680       0x90 ../../../../../../../../src/Stdio_lib\libserialLib.a(serial.o)
 .debug_aranges
                0x00000710       0x20 ../../../../../../../../src/Stdio_lib\libserialLib.a(fifo.o)
 .debug_aranges
                0x00000730       0x20 C:\src\Iot driver Library\libIotLibrary.a(hal.o)
 .debug_aranges
                0x00000750       0x68 C:\src\Iot driver Library\libIotLibrary.a(hih8120.o)
 .debug_aranges
                0x000007b8       0x68 C:\src\Iot driver Library\libIotLibrary.a(led.o)
 .debug_aranges
                0x00000820      0x128 C:\src\Iot driver Library\libIotLibrary.a(lora_driver.o)
 .debug_aranges
                0x00000948       0x28 C:\src\Iot driver Library\libIotLibrary.a(lora_driver_utils.o)
 .debug_aranges
                0x00000970       0x70 C:\src\Iot driver Library\libIotLibrary.a(mega_register_access.o)
 .debug_aranges
                0x000009e0       0x50 C:\src\Iot driver Library\libIotLibrary.a(mh_z19.o)
 .debug_aranges
                0x00000a30       0x50 C:\src\Iot driver Library\libIotLibrary.a(twi.o)

.debug_pubnames
 *(.debug_pubnames)

.debug_info     0x00000000     0x9fd0
 *(.debug_info .gnu.linkonce.wi.*)
 .debug_info    0x00000000      0xbbc C:/Program Files (x86)/Atmel/Studio/7.0/Packs/atmel/ATmega_DFP/1.2.209/gcc/dev/atmega2560/avr6/crtatmega2560.o
 .debug_info    0x00000bbc       0xd1 FreeRTOS/FreeRTOSTraceDriver/FreeRTOSTraceDriver.o
 .debug_info    0x00000c8d       0xf0 FreeRTOS/src/heap_3.o
 .debug_info    0x00000d7d      0x2c2 FreeRTOS/src/list.o
 .debug_info    0x0000103f      0x237 FreeRTOS/src/port.o
 .debug_info    0x00001276      0xf9f FreeRTOS/src/queue.o
 .debug_info    0x00002215      0xcb6 FreeRTOS/src/stream_buffer.o
 .debug_info    0x00002ecb     0x1a5d FreeRTOS/src/tasks.o
 .debug_info    0x00004928      0xa94 FreeRTOS/src/timers.o
 .debug_info    0x000053bc      0x226 FreeRTOS/src/variantHooks.o
 .debug_info    0x000055e2      0x517 main.o
 .debug_info    0x00005af9      0x39c ../../../../../../../../src/Stdio_lib\libserialLib.a(stdio_driver.o)
 .debug_info    0x00005e95      0xdb3 ../../../../../../../../src/Stdio_lib\libserialLib.a(serial.o)
 .debug_info    0x00006c48      0x1c3 ../../../../../../../../src/Stdio_lib\libserialLib.a(fifo.o)
 .debug_info    0x00006e0b      0x20d C:\src\Iot driver Library\libIotLibrary.a(hal.o)
 .debug_info    0x00007018      0x3a9 C:\src\Iot driver Library\libIotLibrary.a(hih8120.o)
 .debug_info    0x000073c1      0x6f9 C:\src\Iot driver Library\libIotLibrary.a(led.o)
 .debug_info    0x00007aba     0x165d C:\src\Iot driver Library\libIotLibrary.a(lora_driver.o)
 .debug_info    0x00009117      0x143 C:\src\Iot driver Library\libIotLibrary.a(lora_driver_utils.o)
 .debug_info    0x0000925a      0x2e1 C:\src\Iot driver Library\libIotLibrary.a(mega_register_access.o)
 .debug_info    0x0000953b      0x538 C:\src\Iot driver Library\libIotLibrary.a(mh_z19.o)
 .debug_info    0x00009a73      0x55d C:\src\Iot driver Library\libIotLibrary.a(twi.o)

.debug_abbrev   0x00000000     0x2d4e
 *(.debug_abbrev)
 .debug_abbrev  0x00000000      0xb1a C:/Program Files (x86)/Atmel/Studio/7.0/Packs/atmel/ATmega_DFP/1.2.209/gcc/dev/atmega2560/avr6/crtatmega2560.o
 .debug_abbrev  0x00000b1a       0x92 FreeRTOS/FreeRTOSTraceDriver/FreeRTOSTraceDriver.o
 .debug_abbrev  0x00000bac       0xbb FreeRTOS/src/heap_3.o
 .debug_abbrev  0x00000c67       0xc7 FreeRTOS/src/list.o
 .debug_abbrev  0x00000d2e      0x16c FreeRTOS/src/port.o
 .debug_abbrev  0x00000e9a      0x1d9 FreeRTOS/src/queue.o
 .debug_abbrev  0x00001073      0x1e8 FreeRTOS/src/stream_buffer.o
 .debug_abbrev  0x0000125b      0x253 FreeRTOS/src/tasks.o
 .debug_abbrev  0x000014ae      0x1ce FreeRTOS/src/timers.o
 .debug_abbrev  0x0000167c       0xf2 FreeRTOS/src/variantHooks.o
 .debug_abbrev  0x0000176e      0x1f0 main.o
 .debug_abbrev  0x0000195e      0x1be ../../../../../../../../src/Stdio_lib\libserialLib.a(stdio_driver.o)
 .debug_abbrev  0x00001b1c      0x364 ../../../../../../../../src/Stdio_lib\libserialLib.a(serial.o)
 .debug_abbrev  0x00001e80       0xe8 ../../../../../../../../src/Stdio_lib\libserialLib.a(fifo.o)
 .debug_abbrev  0x00001f68       0xff C:\src\Iot driver Library\libIotLibrary.a(hal.o)
 .debug_abbrev  0x00002067      0x184 C:\src\Iot driver Library\libIotLibrary.a(hih8120.o)
 .debug_abbrev  0x000021eb      0x228 C:\src\Iot driver Library\libIotLibrary.a(led.o)
 .debug_abbrev  0x00002413      0x382 C:\src\Iot driver Library\libIotLibrary.a(lora_driver.o)
 .debug_abbrev  0x00002795       0xc0 C:\src\Iot driver Library\libIotLibrary.a(lora_driver_utils.o)
 .debug_abbrev  0x00002855       0xd3 C:\src\Iot driver Library\libIotLibrary.a(mega_register_access.o)
 .debug_abbrev  0x00002928      0x20f C:\src\Iot driver Library\libIotLibrary.a(mh_z19.o)
 .debug_abbrev  0x00002b37      0x217 C:\src\Iot driver Library\libIotLibrary.a(twi.o)

.debug_line     0x00000000     0x68cf
 *(.debug_line .debug_line.* .debug_line_end)
 .debug_line    0x00000000      0x1f9 C:/Program Files (x86)/Atmel/Studio/7.0/Packs/atmel/ATmega_DFP/1.2.209/gcc/dev/atmega2560/avr6/crtatmega2560.o
 .debug_line    0x000001f9      0x10f FreeRTOS/FreeRTOSTraceDriver/FreeRTOSTraceDriver.o
 .debug_line    0x00000308      0x10f FreeRTOS/src/heap_3.o
 .debug_line    0x00000417      0x1f0 FreeRTOS/src/list.o
 .debug_line    0x00000607      0x452 FreeRTOS/src/port.o
 .debug_line    0x00000a59      0xd73 FreeRTOS/src/queue.o
 .debug_line    0x000017cc      0x89f FreeRTOS/src/stream_buffer.o
 .debug_line    0x0000206b     0x1a12 FreeRTOS/src/tasks.o
 .debug_line    0x00003a7d      0x6c1 FreeRTOS/src/timers.o
 .debug_line    0x0000413e      0x23a FreeRTOS/src/variantHooks.o
 .debug_line    0x00004378      0x48b main.o
 .debug_line    0x00004803      0x12f ../../../../../../../../src/Stdio_lib\libserialLib.a(stdio_driver.o)
 .debug_line    0x00004932      0x620 ../../../../../../../../src/Stdio_lib\libserialLib.a(serial.o)
 .debug_line    0x00004f52      0x10e ../../../../../../../../src/Stdio_lib\libserialLib.a(fifo.o)
 .debug_line    0x00005060       0xff C:\src\Iot driver Library\libIotLibrary.a(hal.o)
 .debug_line    0x0000515f      0x246 C:\src\Iot driver Library\libIotLibrary.a(hih8120.o)
 .debug_line    0x000053a5      0x32c C:\src\Iot driver Library\libIotLibrary.a(led.o)
 .debug_line    0x000056d1      0x8df C:\src\Iot driver Library\libIotLibrary.a(lora_driver.o)
 .debug_line    0x00005fb0      0x194 C:\src\Iot driver Library\libIotLibrary.a(lora_driver_utils.o)
 .debug_line    0x00006144      0x1af C:\src\Iot driver Library\libIotLibrary.a(mega_register_access.o)
 .debug_line    0x000062f3      0x2d6 C:\src\Iot driver Library\libIotLibrary.a(mh_z19.o)
 .debug_line    0x000065c9      0x306 C:\src\Iot driver Library\libIotLibrary.a(twi.o)

.debug_frame    0x00000000     0x2504
 *(.debug_frame)
 .debug_frame   0x00000000       0x74 FreeRTOS/FreeRTOSTraceDriver/FreeRTOSTraceDriver.o
 .debug_frame   0x00000074       0x54 FreeRTOS/src/heap_3.o
 .debug_frame   0x000000c8       0xb4 FreeRTOS/src/list.o
 .debug_frame   0x0000017c       0xc4 FreeRTOS/src/port.o
 .debug_frame   0x00000240      0x444 FreeRTOS/src/queue.o
 .debug_frame   0x00000684      0x3bc FreeRTOS/src/stream_buffer.o
 .debug_frame   0x00000a40      0x880 FreeRTOS/src/tasks.o
 .debug_frame   0x000012c0      0x35c FreeRTOS/src/timers.o
 .debug_frame   0x0000161c       0x74 FreeRTOS/src/variantHooks.o
 .debug_frame   0x00001690      0x140 main.o
 .debug_frame   0x000017d0       0x84 ../../../../../../../../src/Stdio_lib\libserialLib.a(stdio_driver.o)
 .debug_frame   0x00001854      0x384 ../../../../../../../../src/Stdio_lib\libserialLib.a(serial.o)
 .debug_frame   0x00001bd8       0x24 ../../../../../../../../src/Stdio_lib\libserialLib.a(fifo.o)
 .debug_frame   0x00001bfc       0x24 C:\src\Iot driver Library\libIotLibrary.a(hal.o)
 .debug_frame   0x00001c20       0xc0 C:\src\Iot driver Library\libIotLibrary.a(hih8120.o)
 .debug_frame   0x00001ce0      0x11c C:\src\Iot driver Library\libIotLibrary.a(led.o)
 .debug_frame   0x00001dfc      0x3d8 C:\src\Iot driver Library\libIotLibrary.a(lora_driver.o)
 .debug_frame   0x000021d4       0x48 C:\src\Iot driver Library\libIotLibrary.a(lora_driver_utils.o)
 .debug_frame   0x0000221c       0xc4 C:\src\Iot driver Library\libIotLibrary.a(mega_register_access.o)
 .debug_frame   0x000022e0       0xf8 C:\src\Iot driver Library\libIotLibrary.a(mh_z19.o)
 .debug_frame   0x000023d8      0x12c C:\src\Iot driver Library\libIotLibrary.a(twi.o)

.debug_str      0x00000000     0x3e1a
 *(.debug_str)
 .debug_str     0x00000000      0x3e6 C:/Program Files (x86)/Atmel/Studio/7.0/Packs/atmel/ATmega_DFP/1.2.209/gcc/dev/atmega2560/avr6/crtatmega2560.o
 .debug_str     0x000003e6      0x19c FreeRTOS/FreeRTOSTraceDriver/FreeRTOSTraceDriver.o
                                0x1d0 (size before relaxing)
 .debug_str     0x00000582       0x72 FreeRTOS/src/heap_3.o
                                0x1d7 (size before relaxing)
 .debug_str     0x000005f4      0x154 FreeRTOS/src/list.o
                                0x2cd (size before relaxing)
 .debug_str     0x00000748      0x10a FreeRTOS/src/port.o
                                0x294 (size before relaxing)
 .debug_str     0x00000852      0x5c2 FreeRTOS/src/queue.o
                                0x850 (size before relaxing)
 .debug_str     0x00000e14      0x4e2 FreeRTOS/src/stream_buffer.o
                                0x75e (size before relaxing)
 .debug_str     0x000012f6      0xca9 FreeRTOS/src/tasks.o
                               0x106a (size before relaxing)
 .debug_str     0x00001f9f      0x455 FreeRTOS/src/timers.o
                                0x73c (size before relaxing)
 .debug_str     0x000023f4       0x77 FreeRTOS/src/variantHooks.o
                                0x259 (size before relaxing)
 .debug_str     0x0000246b      0x40c main.o
                                0x5fe (size before relaxing)
 .debug_str     0x00002877      0x2fd ../../../../../../../../src/Stdio_lib\libserialLib.a(stdio_driver.o)
                                0x37b (size before relaxing)
 .debug_str     0x00002b74      0x2ef ../../../../../../../../src/Stdio_lib\libserialLib.a(serial.o)
                                0x63c (size before relaxing)
 .debug_str     0x00002e63       0x15 ../../../../../../../../src/Stdio_lib\libserialLib.a(fifo.o)
                                0x23a (size before relaxing)
 .debug_str     0x00002e78       0xce C:\src\Iot driver Library\libIotLibrary.a(hal.o)
                                0x278 (size before relaxing)
 .debug_str     0x00002f46      0x24f C:\src\Iot driver Library\libIotLibrary.a(hih8120.o)
                                0x44a (size before relaxing)
 .debug_str     0x00003195      0x142 C:\src\Iot driver Library\libIotLibrary.a(led.o)
                                0x3d2 (size before relaxing)
 .debug_str     0x000032d7      0x60e C:\src\Iot driver Library\libIotLibrary.a(lora_driver.o)
                                0xc93 (size before relaxing)
 .debug_str     0x000038e5       0x46 C:\src\Iot driver Library\libIotLibrary.a(lora_driver_utils.o)
                                0x205 (size before relaxing)
 .debug_str     0x0000392b       0xda C:\src\Iot driver Library\libIotLibrary.a(mega_register_access.o)
                                0x252 (size before relaxing)
 .debug_str     0x00003a05      0x132 C:\src\Iot driver Library\libIotLibrary.a(mh_z19.o)
                                0x47a (size before relaxing)
 .debug_str     0x00003b37      0x2e3 C:\src\Iot driver Library\libIotLibrary.a(twi.o)
                                0x5a8 (size before relaxing)

.debug_loc      0x00000000     0x65a1
 *(.debug_loc)
 .debug_loc     0x00000000       0xcb FreeRTOS/FreeRTOSTraceDriver/FreeRTOSTraceDriver.o
 .debug_loc     0x000000cb       0x90 FreeRTOS/src/heap_3.o
 .debug_loc     0x0000015b      0x167 FreeRTOS/src/list.o
 .debug_loc     0x000002c2       0xf8 FreeRTOS/src/port.o
 .debug_loc     0x000003ba      0x95b FreeRTOS/src/queue.o
 .debug_loc     0x00000d15      0x843 FreeRTOS/src/stream_buffer.o
 .debug_loc     0x00001558     0x12c2 FreeRTOS/src/tasks.o
 .debug_loc     0x0000281a      0x74e FreeRTOS/src/timers.o
 .debug_loc     0x00002f68       0xc9 FreeRTOS/src/variantHooks.o
 .debug_loc     0x00003031      0x27a main.o
 .debug_loc     0x000032ab      0x144 ../../../../../../../../src/Stdio_lib\libserialLib.a(stdio_driver.o)
 .debug_loc     0x000033ef     0x1080 ../../../../../../../../src/Stdio_lib\libserialLib.a(serial.o)
 .debug_loc     0x0000446f      0x15e ../../../../../../../../src/Stdio_lib\libserialLib.a(fifo.o)
 .debug_loc     0x000045cd       0x2c C:\src\Iot driver Library\libIotLibrary.a(hal.o)
 .debug_loc     0x000045f9       0x9f C:\src\Iot driver Library\libIotLibrary.a(hih8120.o)
 .debug_loc     0x00004698      0x390 C:\src\Iot driver Library\libIotLibrary.a(led.o)
 .debug_loc     0x00004a28      0xf7c C:\src\Iot driver Library\libIotLibrary.a(lora_driver.o)
 .debug_loc     0x000059a4      0x1d2 C:\src\Iot driver Library\libIotLibrary.a(lora_driver_utils.o)
 .debug_loc     0x00005b76       0xe9 C:\src\Iot driver Library\libIotLibrary.a(mega_register_access.o)
 .debug_loc     0x00005c5f      0x3cd C:\src\Iot driver Library\libIotLibrary.a(mh_z19.o)
 .debug_loc     0x0000602c      0x575 C:\src\Iot driver Library\libIotLibrary.a(twi.o)

.debug_macinfo
 *(.debug_macinfo)

.debug_weaknames
 *(.debug_weaknames)

.debug_funcnames
 *(.debug_funcnames)

.debug_typenames
 *(.debug_typenames)

.debug_varnames
 *(.debug_varnames)

.debug_pubtypes
 *(.debug_pubtypes)

.debug_ranges   0x00000000      0x960
 *(.debug_ranges)
 .debug_ranges  0x00000000       0x20 FreeRTOS/FreeRTOSTraceDriver/FreeRTOSTraceDriver.o
 .debug_ranges  0x00000020       0x18 FreeRTOS/src/heap_3.o
 .debug_ranges  0x00000038       0x30 FreeRTOS/src/list.o
 .debug_ranges  0x00000068       0x40 FreeRTOS/src/port.o
 .debug_ranges  0x000000a8      0x108 FreeRTOS/src/queue.o
 .debug_ranges  0x000001b0       0xc8 FreeRTOS/src/stream_buffer.o
 .debug_ranges  0x00000278      0x200 FreeRTOS/src/tasks.o
 .debug_ranges  0x00000478       0xc0 FreeRTOS/src/timers.o
 .debug_ranges  0x00000538       0x20 FreeRTOS/src/variantHooks.o
 .debug_ranges  0x00000558       0x50 main.o
 .debug_ranges  0x000005a8       0x28 ../../../../../../../../src/Stdio_lib\libserialLib.a(stdio_driver.o)
 .debug_ranges  0x000005d0       0x98 ../../../../../../../../src/Stdio_lib\libserialLib.a(serial.o)
 .debug_ranges  0x00000668       0x10 ../../../../../../../../src/Stdio_lib\libserialLib.a(fifo.o)
 .debug_ranges  0x00000678       0x10 C:\src\Iot driver Library\libIotLibrary.a(hal.o)
 .debug_ranges  0x00000688       0x58 C:\src\Iot driver Library\libIotLibrary.a(hih8120.o)
 .debug_ranges  0x000006e0       0x58 C:\src\Iot driver Library\libIotLibrary.a(led.o)
 .debug_ranges  0x00000738      0x118 C:\src\Iot driver Library\libIotLibrary.a(lora_driver.o)
 .debug_ranges  0x00000850       0x30 C:\src\Iot driver Library\libIotLibrary.a(lora_driver_utils.o)
 .debug_ranges  0x00000880       0x60 C:\src\Iot driver Library\libIotLibrary.a(mega_register_access.o)
 .debug_ranges  0x000008e0       0x40 C:\src\Iot driver Library\libIotLibrary.a(mh_z19.o)
 .debug_ranges  0x00000920       0x40 C:\src\Iot driver Library\libIotLibrary.a(twi.o)

.debug_macro
 *(.debug_macro)
OUTPUT(SEP4_04_05.elf elf32-avr)
LOAD linker stubs
